<?xml version="1.0" encoding="utf-8"?><testsuite errors="0" failures="0" name="pytest" skips="0" tests="30" time="2.901"><testcase classname="tests.integration.validation.test_petstore.TestPetstore" file="tests/integration/validation/test_petstore.py" line="62" name="test_get_pets" time="0.10268735885620117"></testcase><testcase classname="tests.integration.validation.test_petstore.TestPetstore" file="tests/integration/validation/test_petstore.py" line="98" name="test_get_pets_response" time="0.09215307235717773"></testcase><testcase classname="tests.integration.validation.test_petstore.TestPetstore" file="tests/integration/validation/test_petstore.py" line="144" name="test_get_pets_invalid_response" time="0.08988690376281738"></testcase><testcase classname="tests.integration.validation.test_petstore.TestPetstore" file="tests/integration/validation/test_petstore.py" line="196" name="test_get_pets_ids_param" time="0.0894775390625"></testcase><testcase classname="tests.integration.validation.test_petstore.TestPetstore" file="tests/integration/validation/test_petstore.py" line="234" name="test_get_pets_tags_param" time="0.09039831161499023"></testcase><testcase classname="tests.integration.validation.test_petstore.TestPetstore" file="tests/integration/validation/test_petstore.py" line="272" name="test_get_pets_parameter_deserialization_error" time="0.08967185020446777"></testcase><testcase classname="tests.integration.validation.test_petstore.TestPetstore" file="tests/integration/validation/test_petstore.py" line="292" name="test_get_pets_wrong_parameter_type" time="0.09073781967163086"></testcase><testcase classname="tests.integration.validation.test_petstore.TestPetstore" file="tests/integration/validation/test_petstore.py" line="311" name="test_get_pets_raises_missing_required_param" time="0.08875775337219238"></testcase><testcase classname="tests.integration.validation.test_petstore.TestPetstore" file="tests/integration/validation/test_petstore.py" line="326" name="test_get_pets_empty_value" time="0.08828306198120117"></testcase><testcase classname="tests.integration.validation.test_petstore.TestPetstore" file="tests/integration/validation/test_petstore.py" line="344" name="test_get_pets_none_value" time="0.10282063484191895"></testcase><testcase classname="tests.integration.validation.test_petstore.TestPetstore" file="tests/integration/validation/test_petstore.py" line="370" name="test_post_birds" time="0.09238815307617188"></testcase><testcase classname="tests.integration.validation.test_petstore.TestPetstore" file="tests/integration/validation/test_petstore.py" line="430" name="test_post_cats" time="0.09013867378234863"></testcase><testcase classname="tests.integration.validation.test_petstore.TestPetstore" file="tests/integration/validation/test_petstore.py" line="490" name="test_post_cats_boolean_string" time="0.09258317947387695"></testcase><testcase classname="tests.integration.validation.test_petstore.TestPetstore" file="tests/integration/validation/test_petstore.py" line="550" name="test_post_no_one_of_schema" time="0.08867692947387695"></testcase><testcase classname="tests.integration.validation.test_petstore.TestPetstore" file="tests/integration/validation/test_petstore.py" line="587" name="test_post_cats_only_required_body" time="0.09151697158813477"></testcase><testcase classname="tests.integration.validation.test_petstore.TestPetstore" file="tests/integration/validation/test_petstore.py" line="632" name="test_post_pets_raises_invalid_mimetype" time="0.0885319709777832"></testcase><testcase classname="tests.integration.validation.test_petstore.TestPetstore" file="tests/integration/validation/test_petstore.py" line="667" name="test_post_pets_missing_cookie" time="0.08906817436218262"></testcase><testcase classname="tests.integration.validation.test_petstore.TestPetstore" file="tests/integration/validation/test_petstore.py" line="701" name="test_post_pets_missing_header" time="0.08916187286376953"></testcase><testcase classname="tests.integration.validation.test_petstore.TestPetstore" file="tests/integration/validation/test_petstore.py" line="735" name="test_post_pets_raises_invalid_server_error" time="0.08816313743591309"></testcase><testcase classname="tests.integration.validation.test_petstore.TestPetstore" file="tests/integration/validation/test_petstore.py" line="779" name="test_get_pet" time="0.0921318531036377"></testcase><testcase classname="tests.integration.validation.test_petstore.TestPetstore" file="tests/integration/validation/test_petstore.py" line="824" name="test_get_pet_not_found" time="0.09193921089172363"></testcase><testcase classname="tests.integration.validation.test_petstore.TestPetstore" file="tests/integration/validation/test_petstore.py" line="866" name="test_get_pet_wildcard" time="0.09345579147338867"></testcase><testcase classname="tests.integration.validation.test_petstore.TestPetstore" file="tests/integration/validation/test_petstore.py" line="897" name="test_get_tags" time="0.09156179428100586"></testcase><testcase classname="tests.integration.validation.test_petstore.TestPetstore" file="tests/integration/validation/test_petstore.py" line="921" name="test_post_tags_extra_body_properties" time="0.09111285209655762"></testcase><testcase classname="tests.integration.validation.test_petstore.TestPetstore" file="tests/integration/validation/test_petstore.py" line="944" name="test_post_tags_empty_body" time="0.08900070190429688"></testcase><testcase classname="tests.integration.validation.test_petstore.TestPetstore" file="tests/integration/validation/test_petstore.py" line="962" name="test_post_tags_wrong_property_type" time="0.1090700626373291"></testcase><testcase classname="tests.integration.validation.test_petstore.TestPetstore" file="tests/integration/validation/test_petstore.py" line="980" name="test_post_tags_additional_properties" time="0.09484100341796875"></testcase><testcase classname="tests.integration.validation.test_petstore.TestPetstore" file="tests/integration/validation/test_petstore.py" line="1024" name="test_post_tags_created_now" time="0.09144973754882812"></testcase><testcase classname="tests.integration.validation.test_petstore.TestPetstore" file="tests/integration/validation/test_petstore.py" line="1071" name="test_post_tags_created_datetime" time="0.09686112403869629"></testcase><testcase classname="tests.integration.validation.test_petstore.TestPetstore" file="tests/integration/validation/test_petstore.py" line="1126" name="test_post_tags_created_invalid_type" time="0.09341096878051758"></testcase></testsuite>